191104_11:29:45 test_source_switch.py INFO 正在切换到BT source...
191104_11:29:47 test_source_switch.py INFO 检查车机输出...
191104_11:30:01 test_source_switch.py INFO 检查车机输出...
191104_11:30:18 test_source_switch.py INFO C:\Users\pengfy\PycharmProjects\source_switch\labview_file\2019-11-04-11-30-06.wavInf秒处出现断音OK 

191104_11:30:25 test_source_switch.py INFO 正在切换到BT source...
191104_11:30:27 test_source_switch.py INFO 检查车机输出...
191104_11:30:42 test_source_switch.py INFO 检查车机输出...
191104_11:31:02 test_source_switch.py INFO 正在切换到USB audio source...
191104_11:31:05 test_source_switch.py INFO 检查车机输出...
191104_11:31:22 test_source_switch.py INFO 检查车机输出...
191104_11:31:49 test_source_switch.py INFO 正在切换到USB vedio source...
191104_11:31:51 test_source_switch.py INFO 检查车机输出...
191104_11:32:13 test_source_switch.py INFO 检查车机输出...
191104_11:32:46 test_source_switch.py INFO 检查车机输出...
191104_11:33:16 test_source_switch.py INFO 正在切换到FM source...
191104_11:33:17 test_source_switch.py INFO 检查车机输出...
191104_11:33:36 test_source_switch.py INFO 正在切换到BT source...
191104_11:33:38 test_source_switch.py INFO 检查车机输出...
191104_11:33:53 test_source_switch.py INFO 检查车机输出...
191104_11:34:10 test_source_switch.py INFO C:\Users\pengfy\PycharmProjects\source_switch\labview_file\2019-11-04-11-33-59.wavInf秒处出现断音OK 

191104_11:34:17 test_source_switch.py INFO 正在切换到BT source...
191104_11:34:19 test_source_switch.py INFO 检查车机输出...
191104_11:34:34 test_source_switch.py INFO 检查车机输出...
191104_11:34:54 test_source_switch.py INFO 正在切换到USB audio source...
191104_11:34:57 test_source_switch.py INFO 检查车机输出...
191104_11:35:15 test_source_switch.py INFO 检查车机输出...
191104_11:35:42 test_source_switch.py INFO 正在切换到USB vedio source...
191104_11:35:44 test_source_switch.py INFO 检查车机输出...
191104_11:36:06 test_source_switch.py INFO 检查车机输出...
191104_11:36:35 test_source_switch.py INFO C:\Users\pengfy\PycharmProjects\source_switch\labview_file\2019-11-04-11-36-11.wav0处出现断音OK 

191104_11:36:42 test_source_switch.py INFO 正在切换到BT source...
191104_11:36:43 test_source_switch.py INFO 检查车机输出...
191104_11:36:56 test_source_switch.py INFO 检查车机输出...
191104_11:37:15 test_source_switch.py INFO 正在切换到USB audio source...
191104_11:37:17 test_source_switch.py INFO 检查车机输出...
191104_11:37:34 test_source_switch.py INFO 检查车机输出...
191104_11:38:00 test_source_switch.py INFO 正在切换到USB vedio source...
191104_11:38:02 test_source_switch.py INFO 检查车机输出...
191104_11:38:23 test_source_switch.py INFO 检查车机输出...
191104_11:38:54 test_source_switch.py INFO C:\Users\pengfy\PycharmProjects\source_switch\labview_file\2019-11-04-11-38-30.wav0处出现断音OK 

191104_11:39:01 test_source_switch.py INFO 正在切换到USB audio source...
191104_11:39:03 test_source_switch.py INFO 检查车机输出...
191104_11:39:23 test_source_switch.py INFO 检查车机输出...
191104_11:39:52 test_source_switch.py INFO 正在切换到BT source...
191104_11:39:54 test_source_switch.py INFO 检查车机输出...
191104_11:40:11 test_source_switch.py INFO 检查车机输出...
191104_11:40:27 test_source_switch.py INFO 正在切换到USB vedio source...
191104_11:40:28 test_source_switch.py INFO 检查车机输出...
191104_11:40:52 test_source_switch.py INFO 检查车机输出...
191104_11:41:21 test_source_switch.py INFO C:\Users\pengfy\PycharmProjects\source_switch\labview_file\2019-11-04-11-40-56.wav0处出现断音OK 

191104_11:41:27 test_source_switch.py INFO 正在切换到USB audio source...
191104_11:41:29 test_source_switch.py INFO 检查车机输出...
191104_11:41:49 test_source_switch.py INFO 检查车机输出...
191104_11:42:18 test_source_switch.py INFO 正在切换到BT source...
191104_11:42:20 test_source_switch.py INFO 检查车机输出...
191104_11:42:37 test_source_switch.py INFO 检查车机输出...
191104_11:42:52 test_source_switch.py INFO 正在切换到USB vedio source...
191104_11:42:54 test_source_switch.py INFO 检查车机输出...
191104_11:43:18 test_source_switch.py INFO 检查车机输出...
191104_11:43:47 test_source_switch.py INFO 检查车机输出...
191104_11:44:15 test_source_switch.py INFO C:\Users\pengfy\PycharmProjects\source_switch\labview_file\2019-11-04-11-43-51.wav0处出现断音OK 

191104_11:44:22 test_source_switch.py INFO 正在切换到USB audio source...
191104_11:44:24 test_source_switch.py INFO 检查车机输出...
191104_11:44:44 test_source_switch.py INFO 检查车机输出...
191104_11:45:13 test_source_switch.py INFO 正在切换到BT source...
191104_11:45:15 test_source_switch.py INFO 检查车机输出...
191104_11:45:32 test_source_switch.py INFO 检查车机输出...
191104_11:45:47 test_source_switch.py INFO C:\Users\pengfy\PycharmProjects\source_switch\labview_file\2019-11-04-11-45-36.wavInf秒处出现断音OK 

191104_11:45:54 test_source_switch.py INFO 正在切换到USB audio source...
191104_11:45:57 test_source_switch.py INFO 检查车机输出...
191104_11:46:17 test_source_switch.py INFO 检查车机输出...
191104_11:46:46 test_source_switch.py INFO 正在切换到BT source...
191104_11:46:48 test_source_switch.py INFO 检查车机输出...
191104_11:47:05 test_source_switch.py INFO 检查车机输出...
191104_11:47:21 test_source_switch.py INFO 正在切换到USB vedio source...
191104_11:47:22 test_source_switch.py INFO 检查车机输出...
191104_11:47:43 test_source_switch.py INFO 检查车机输出...
191104_11:48:12 test_source_switch.py INFO 检查车机输出...
191104_11:48:41 test_source_switch.py INFO 正在切换到FM source...
191104_11:48:41 test_source_switch.py INFO 检查车机输出...
191104_11:49:00 test_source_switch.py INFO 正在切换到USB audio source...
191104_11:49:02 test_source_switch.py INFO 检查车机输出...
191104_11:49:23 test_source_switch.py INFO 检查车机输出...
191104_11:49:51 test_source_switch.py INFO 正在切换到BT source...
191104_11:49:54 test_source_switch.py INFO 检查车机输出...
191104_11:50:11 test_source_switch.py INFO 检查车机输出...
191104_11:50:27 test_source_switch.py INFO C:\Users\pengfy\PycharmProjects\source_switch\labview_file\2019-11-04-11-50-15.wavInf秒处出现断音OK 

191104_11:50:34 test_source_switch.py INFO 正在切换到USB audio source...
191104_11:50:36 test_source_switch.py INFO 检查车机输出...
191104_11:50:56 test_source_switch.py INFO 检查车机输出...
191104_11:51:22 test_source_switch.py INFO 正在切换到FM source...
191104_11:51:23 test_source_switch.py INFO 检查车机输出...
191104_11:51:39 test_source_switch.py INFO 正在切换到BT source...
191104_11:51:41 test_source_switch.py INFO 检查车机输出...
191104_11:51:58 test_source_switch.py INFO 检查车机输出...
191104_11:52:14 test_source_switch.py INFO 正在切换到USB vedio source...
191104_11:52:15 test_source_switch.py INFO 检查车机输出...
191104_11:52:36 test_source_switch.py INFO 检查车机输出...
191104_11:53:05 test_source_switch.py INFO 检查车机输出...
191104_11:53:39 test_source_switch.py INFO 正在切换到USB audio source...
191104_11:53:40 test_source_switch.py INFO 检查车机输出...
191104_11:54:00 test_source_switch.py INFO 检查车机输出...
191104_11:54:26 test_source_switch.py INFO 正在切换到FM source...
191104_11:54:26 test_source_switch.py INFO 检查车机输出...
191104_11:54:43 test_source_switch.py INFO 正在切换到BT source...
191104_11:54:45 test_source_switch.py INFO 检查车机输出...
191104_11:55:02 test_source_switch.py INFO 检查车机输出...
191104_11:55:18 test_source_switch.py INFO 正在切换到USB vedio source...
191104_11:55:19 test_source_switch.py INFO 检查车机输出...
191104_11:55:40 test_source_switch.py INFO C:\Users\pengfy\PycharmProjects\source_switch\labview_file\2019-11-04-11-55-23.wav0处出现断音OK 

191104_11:55:46 test_source_switch.py INFO 正在切换到USB audio source...
191104_11:55:48 test_source_switch.py INFO 检查车机输出...
191104_11:56:08 test_source_switch.py INFO 检查车机输出...
191104_11:56:34 test_source_switch.py INFO 正在切换到FM source...
191104_11:56:35 test_source_switch.py INFO 检查车机输出...
191104_11:56:51 test_source_switch.py INFO 正在切换到BT source...
191104_11:56:53 test_source_switch.py INFO 检查车机输出...
191104_11:57:11 test_source_switch.py INFO 检查车机输出...
191104_11:57:26 test_source_switch.py INFO 正在切换到USB vedio source...
191104_11:57:28 test_source_switch.py INFO 检查车机输出...
191104_11:57:48 test_source_switch.py INFO C:\Users\pengfy\PycharmProjects\source_switch\labview_file\2019-11-04-11-57-32.wav0处出现断音OK 

191104_11:57:54 test_source_switch.py INFO 正在切换到USB audio source...
191104_11:57:56 test_source_switch.py INFO 检查车机输出...
191104_11:58:16 test_source_switch.py INFO 检查车机输出...
191104_11:58:42 test_source_switch.py INFO 正在切换到FM source...
191104_11:58:43 test_source_switch.py INFO 检查车机输出...
191104_11:58:59 test_source_switch.py INFO 正在切换到BT source...
191104_11:59:02 test_source_switch.py INFO 检查车机输出...
191104_11:59:18 test_source_switch.py INFO 检查车机输出...
191104_11:59:34 test_source_switch.py INFO 正在切换到USB vedio source...
191104_11:59:35 test_source_switch.py INFO 检查车机输出...
191104_11:59:56 test_source_switch.py INFO 检查车机输出...
191104_12:00:25 test_source_switch.py INFO C:\Users\pengfy\PycharmProjects\source_switch\labview_file\2019-11-04-12-00-01.wav0处出现断音OK 

191104_12:00:31 test_source_switch.py INFO 正在切换到USB audio source...
191104_12:00:33 test_source_switch.py INFO 检查车机输出...
191104_12:00:53 test_source_switch.py INFO 检查车机输出...
191104_12:01:19 test_source_switch.py INFO 正在切换到FM source...
191104_12:01:20 test_source_switch.py INFO 检查车机输出...
191104_12:01:36 test_source_switch.py INFO 正在切换到BT source...
191104_12:01:38 test_source_switch.py INFO 检查车机输出...
191104_12:01:55 test_source_switch.py INFO 检查车机输出...
191104_12:02:11 test_source_switch.py INFO C:\Users\pengfy\PycharmProjects\source_switch\labview_file\2019-11-04-12-02-00.wavInf秒处出现断音OK 

